                                 Started job on |	Sep 16 01:44:51
                             Started mapping on |	Sep 16 01:44:51
                                    Finished on |	Sep 16 01:45:18
       Mapping speed, Million of reads per hour |	6.67

                          Number of input reads |	50000
                      Average input read length |	202
                                    UNIQUE READS:
                   Uniquely mapped reads number |	41369
                        Uniquely mapped reads % |	82.74%
                          Average mapped length |	199.56
                       Number of splices: Total |	595
            Number of splices: Annotated (sjdb) |	393
                       Number of splices: GT/AG |	509
                       Number of splices: GC/AG |	1
                       Number of splices: AT/AC |	4
               Number of splices: Non-canonical |	81
                      Mismatch rate per base, % |	0.80%
                         Deletion rate per base |	0.02%
                        Deletion average length |	1.19
                        Insertion rate per base |	0.00%
                       Insertion average length |	1.15
                             MULTI-MAPPING READS:
        Number of reads mapped to multiple loci |	920
             % of reads mapped to multiple loci |	1.84%
        Number of reads mapped to too many loci |	2
             % of reads mapped to too many loci |	0.00%
                                  UNMAPPED READS:
  Number of reads unmapped: too many mismatches |	0
       % of reads unmapped: too many mismatches |	0.00%
            Number of reads unmapped: too short |	3910
                 % of reads unmapped: too short |	7.82%
                Number of reads unmapped: other |	3799
                     % of reads unmapped: other |	7.60%
                                  CHIMERIC READS:
                       Number of chimeric reads |	0
                            % of chimeric reads |	0.00%
