                                 Started job on |	Sep 16 01:46:58
                             Started mapping on |	Sep 16 01:46:58
                                    Finished on |	Sep 16 01:47:25
       Mapping speed, Million of reads per hour |	6.67

                          Number of input reads |	50000
                      Average input read length |	202
                                    UNIQUE READS:
                   Uniquely mapped reads number |	42348
                        Uniquely mapped reads % |	84.70%
                          Average mapped length |	199.63
                       Number of splices: Total |	615
            Number of splices: Annotated (sjdb) |	366
                       Number of splices: GT/AG |	499
                       Number of splices: GC/AG |	0
                       Number of splices: AT/AC |	6
               Number of splices: Non-canonical |	110
                      Mismatch rate per base, % |	0.83%
                         Deletion rate per base |	0.02%
                        Deletion average length |	1.21
                        Insertion rate per base |	0.00%
                       Insertion average length |	1.11
                             MULTI-MAPPING READS:
        Number of reads mapped to multiple loci |	931
             % of reads mapped to multiple loci |	1.86%
        Number of reads mapped to too many loci |	3
             % of reads mapped to too many loci |	0.01%
                                  UNMAPPED READS:
  Number of reads unmapped: too many mismatches |	0
       % of reads unmapped: too many mismatches |	0.00%
            Number of reads unmapped: too short |	3396
                 % of reads unmapped: too short |	6.79%
                Number of reads unmapped: other |	3322
                     % of reads unmapped: other |	6.64%
                                  CHIMERIC READS:
                       Number of chimeric reads |	0
                            % of chimeric reads |	0.00%
