                                 Started job on |	Sep 16 01:45:23
                             Started mapping on |	Sep 16 01:45:23
                                    Finished on |	Sep 16 01:45:50
       Mapping speed, Million of reads per hour |	6.67

                          Number of input reads |	50000
                      Average input read length |	202
                                    UNIQUE READS:
                   Uniquely mapped reads number |	41835
                        Uniquely mapped reads % |	83.67%
                          Average mapped length |	199.51
                       Number of splices: Total |	656
            Number of splices: Annotated (sjdb) |	363
                       Number of splices: GT/AG |	514
                       Number of splices: GC/AG |	0
                       Number of splices: AT/AC |	5
               Number of splices: Non-canonical |	137
                      Mismatch rate per base, % |	0.82%
                         Deletion rate per base |	0.02%
                        Deletion average length |	1.25
                        Insertion rate per base |	0.00%
                       Insertion average length |	1.13
                             MULTI-MAPPING READS:
        Number of reads mapped to multiple loci |	956
             % of reads mapped to multiple loci |	1.91%
        Number of reads mapped to too many loci |	9
             % of reads mapped to too many loci |	0.02%
                                  UNMAPPED READS:
  Number of reads unmapped: too many mismatches |	0
       % of reads unmapped: too many mismatches |	0.00%
            Number of reads unmapped: too short |	3686
                 % of reads unmapped: too short |	7.37%
                Number of reads unmapped: other |	3514
                     % of reads unmapped: other |	7.03%
                                  CHIMERIC READS:
                       Number of chimeric reads |	0
                            % of chimeric reads |	0.00%
