                                 Started job on |	Sep 16 01:45:56
                             Started mapping on |	Sep 16 01:45:56
                                    Finished on |	Sep 16 01:46:21
       Mapping speed, Million of reads per hour |	7.20

                          Number of input reads |	50000
                      Average input read length |	202
                                    UNIQUE READS:
                   Uniquely mapped reads number |	42241
                        Uniquely mapped reads % |	84.48%
                          Average mapped length |	199.65
                       Number of splices: Total |	679
            Number of splices: Annotated (sjdb) |	441
                       Number of splices: GT/AG |	575
                       Number of splices: GC/AG |	1
                       Number of splices: AT/AC |	6
               Number of splices: Non-canonical |	97
                      Mismatch rate per base, % |	0.78%
                         Deletion rate per base |	0.02%
                        Deletion average length |	1.23
                        Insertion rate per base |	0.00%
                       Insertion average length |	1.13
                             MULTI-MAPPING READS:
        Number of reads mapped to multiple loci |	922
             % of reads mapped to multiple loci |	1.84%
        Number of reads mapped to too many loci |	4
             % of reads mapped to too many loci |	0.01%
                                  UNMAPPED READS:
  Number of reads unmapped: too many mismatches |	0
       % of reads unmapped: too many mismatches |	0.00%
            Number of reads unmapped: too short |	3513
                 % of reads unmapped: too short |	7.03%
                Number of reads unmapped: other |	3320
                     % of reads unmapped: other |	6.64%
                                  CHIMERIC READS:
                       Number of chimeric reads |	0
                            % of chimeric reads |	0.00%
