                                 Started job on |	Sep 16 01:47:30
                             Started mapping on |	Sep 16 01:47:30
                                    Finished on |	Sep 16 01:47:57
       Mapping speed, Million of reads per hour |	6.67

                          Number of input reads |	50000
                      Average input read length |	202
                                    UNIQUE READS:
                   Uniquely mapped reads number |	42221
                        Uniquely mapped reads % |	84.44%
                          Average mapped length |	199.71
                       Number of splices: Total |	647
            Number of splices: Annotated (sjdb) |	403
                       Number of splices: GT/AG |	550
                       Number of splices: GC/AG |	1
                       Number of splices: AT/AC |	1
               Number of splices: Non-canonical |	95
                      Mismatch rate per base, % |	0.80%
                         Deletion rate per base |	0.02%
                        Deletion average length |	1.18
                        Insertion rate per base |	0.00%
                       Insertion average length |	1.09
                             MULTI-MAPPING READS:
        Number of reads mapped to multiple loci |	911
             % of reads mapped to multiple loci |	1.82%
        Number of reads mapped to too many loci |	3
             % of reads mapped to too many loci |	0.01%
                                  UNMAPPED READS:
  Number of reads unmapped: too many mismatches |	0
       % of reads unmapped: too many mismatches |	0.00%
            Number of reads unmapped: too short |	3472
                 % of reads unmapped: too short |	6.94%
                Number of reads unmapped: other |	3393
                     % of reads unmapped: other |	6.79%
                                  CHIMERIC READS:
                       Number of chimeric reads |	0
                            % of chimeric reads |	0.00%
